Copyright 1986-2022 Xilinx, Inc. All Rights Reserved. Copyright 2022-2026 Advanced Micro Devices, Inc. All Rights Reserved.
---------------------------------------------------------------------------------------------------------------------------------------------
| Tool Version : Vivado v.2025.2.1 (win64) Build 6403652 Thu Mar 19 19:48:24 GMT 2026
| Date         : Fri Apr 17 10:02:59 2026
| Host         : DESKTOP-Q1F9NDB running 64-bit major release  (build 9200)
| Command      : report_control_sets -verbose -file top_fndcontrol_control_sets_placed.rpt
| Design       : top_fndcontrol
| Device       : xc7a35t
---------------------------------------------------------------------------------------------------------------------------------------------

Control Set Information

Table of Contents
-----------------
1. Summary
2. Histogram
3. Flip-Flop Distribution
4. Detailed Control Set Information

1. Summary
----------

+----------------------------------------------------------+-------+
|                          Status                          | Count |
+----------------------------------------------------------+-------+
| Total control sets                                       |    13 |
|    Minimum number of control sets                        |    13 |
|    Addition due to synthesis replication                 |     0 |
|    Addition due to physical synthesis replication        |     0 |
| Unused register locations in slices containing registers |    36 |
+----------------------------------------------------------+-------+
* Control sets can be merged at opt_design using control_set_merge or merge_equivalent_drivers
** Run report_qor_suggestions for automated merging and remapping suggestions


2. Histogram
------------

+--------------------+-------+
|       Fanout       | Count |
+--------------------+-------+
| Total control sets |    13 |
| >= 0 to < 4        |     1 |
| >= 4 to < 6        |     3 |
| >= 6 to < 8        |     8 |
| >= 8 to < 10       |     0 |
| >= 10 to < 12      |     0 |
| >= 12 to < 14      |     0 |
| >= 14 to < 16      |     0 |
| >= 16              |     1 |
+--------------------+-------+
* Control sets can be remapped at either synth_design or opt_design


3. Flip-Flop Distribution
-------------------------

+--------------+-----------------------+------------------------+-----------------+--------------+
| Clock Enable | Synchronous Set/Reset | Asynchronous Set/Reset | Total Registers | Total Slices |
+--------------+-----------------------+------------------------+-----------------+--------------+
| No           | No                    | No                     |               9 |            5 |
| No           | No                    | Yes                    |             126 |           34 |
| No           | Yes                   | No                     |               0 |            0 |
| Yes          | No                    | No                     |               0 |            0 |
| Yes          | No                    | Yes                    |              53 |           26 |
| Yes          | Yes                   | No                     |               0 |            0 |
+--------------+-----------------------+------------------------+-----------------+--------------+


4. Detailed Control Set Information
-----------------------------------

+----------------+-----------------------------------+------------------+------------------+----------------+--------------+
|  Clock Signal  |           Enable Signal           | Set/Reset Signal | Slice Load Count | Bel Load Count | Bels / Slice |
+----------------+-----------------------------------+------------------+------------------+----------------+--------------+
|  u3/CLK        |                                   |                  |                2 |              3 |         1.50 |
|  u3/CLK        |                                   | reset_IBUF       |                3 |              5 |         1.67 |
|  u3/CLK        | u0/FSM_onehot_set_pos_reg[1]_0[0] | reset_IBUF       |                4 |              5 |         1.25 |
|  clk_IBUF_BUFG | u1/hour[4]_i_1_n_0                | reset_IBUF       |                2 |              5 |         2.50 |
|  u3/CLK        | u0/E[0]                           | reset_IBUF       |                3 |              6 |         2.00 |
|  u3/CLK        | u0/FSM_onehot_set_pos_reg[2]_0[0] | reset_IBUF       |                4 |              6 |         1.50 |
|  clk_IBUF_BUFG |                                   |                  |                3 |              6 |         2.00 |
|  clk_IBUF_BUFG | u0/prev_reg[0]                    | reset_IBUF       |                2 |              6 |         3.00 |
|  clk_IBUF_BUFG | u0/mode_reg[0]_0[0]               | reset_IBUF       |                3 |              6 |         2.00 |
|  clk_IBUF_BUFG | u0/mode_reg[1]_0[0]               | reset_IBUF       |                2 |              6 |         3.00 |
|  clk_IBUF_BUFG | u0/mode_reg[0]_1[0]               | reset_IBUF       |                3 |              6 |         2.00 |
|  clk_IBUF_BUFG | u0/clk_out_reg[0]                 | reset_IBUF       |                3 |              7 |         2.33 |
|  clk_IBUF_BUFG |                                   | reset_IBUF       |               31 |            121 |         3.90 |
+----------------+-----------------------------------+------------------+------------------+----------------+--------------+


