
**** 02/23/26 14:18:07 ******* PSpice Lite (March 2016) ******* ID# 10813 ****

 ** Profile: "SCHEMATIC1-d"  [ D:\ORCAD\SPICE\ddd-PSpiceFiles\SCHEMATIC1\d.sim ] 


 ****     CIRCUIT DESCRIPTION


******************************************************************************




** Creating circuit file "d.cir" 
** WARNING: THIS AUTOMATICALLY GENERATED FILE MAY BE OVERWRITTEN BY SUBSEQUENT SIMULATIONS

*Libraries: 
* Profile Libraries :
* Local Libraries :
* From [PSPICE NETLIST] section of C:\SPB_Data\cdssetup\OrCAD_PSpice\17.2.0\PSpice.ini file:
.lib "nomd.lib" 

*Analysis directives: 
.TRAN  0 10ms 0 1us 
.OPTIONS ADVCONV
.PROBE64 V(alias(*)) I(alias(*)) W(alias(*)) D(alias(*)) NOISE(alias(*)) 
.INC "..\SCHEMATIC1.net" 



**** INCLUDING SCHEMATIC1.net ****
* source DDD
R_R1         EI N01215  1k TC=0,0 
R_R2         N01215 0  1k TC=0,0 
L_L1         EI N01257  0.5h  
R_R3         N01257 0  1k TC=0,0 
C_C1         EI N01270  0.5uF  TC=0,0 
R_R4         N01270 0  1k TC=0,0 
U_DSTM1         STIM(1,1) $G_DPWR $G_DGND EI IO_STM IO_LEVEL=0 
+ 0 0
+ +2m 1
+REPEAT FOREVER
+ +6m 0
+  +6m 1
+ ENDREPEAT

**** RESUMING d.cir ****
.END


**** Generated AtoD and DtoA Interfaces ****

*
* Analog/Digital interface for node EI
*
* Moving U_DSTM1:OUT1 from analog node EI to new digital node EI$DtoA
X$EI_DtoA1
+ EI$DtoA
+ EI
+ $G_DPWR
+ $G_DGND
+ DtoA_STM
+       PARAMS: DRVH=   0      DRVL=   0      CAPACITANCE=   0     
*
* Analog/Digital interface power supply subcircuits
*
X$DIGIFPWR 0 DIGIFPWR


**** 02/23/26 14:18:07 ******* PSpice Lite (March 2016) ******* ID# 10813 ****

 ** Profile: "SCHEMATIC1-d"  [ D:\ORCAD\SPICE\ddd-PSpiceFiles\SCHEMATIC1\d.sim ] 


 ****     Digital Input MODEL PARAMETERS


******************************************************************************




               DINSTM          
      S0NAME 0               
       S0TSW  500.000000E-12 
       S0RLO     .5          
       S0RHI    1.000000E+03 
      S1NAME 1               
       S1TSW  500.000000E-12 
       S1RLO    1.000000E+03 
       S1RHI     .5          
      S2NAME X               
       S2TSW  500.000000E-12 
       S2RLO     .429        
       S2RHI    1.16         
      S3NAME R               
       S3TSW  500.000000E-12 
       S3RLO     .429        
       S3RHI    1.16         
      S4NAME F               
       S4TSW  500.000000E-12 
       S4RLO     .429        
       S4RHI    1.16         
      S5NAME Z               
       S5TSW  500.000000E-12 
       S5RLO    1.000000E+06 
       S5RHI    1.000000E+06 


**** 02/23/26 14:18:07 ******* PSpice Lite (March 2016) ******* ID# 10813 ****

 ** Profile: "SCHEMATIC1-d"  [ D:\ORCAD\SPICE\ddd-PSpiceFiles\SCHEMATIC1\d.sim ] 


 ****     Digital IO  MODEL PARAMETERS


******************************************************************************




               IO_STM          
        DRVL    0            
        DRVH    0            
       DtoA1 DtoA_STM        
       DtoA2 DtoA_STM        
       DtoA3 DtoA_STM        
       DtoA4 DtoA_STM        
       TPWRT  100.000000E+03 


**** 02/23/26 14:18:07 ******* PSpice Lite (March 2016) ******* ID# 10813 ****

 ** Profile: "SCHEMATIC1-d"  [ D:\ORCAD\SPICE\ddd-PSpiceFiles\SCHEMATIC1\d.sim ] 


 ****     INITIAL TRANSIENT SOLUTION       TEMPERATURE =   27.000 DEG C


******************************************************************************



 NODE   VOLTAGE     NODE   VOLTAGE     NODE   VOLTAGE     NODE   VOLTAGE


(   EI)     .0025  (N01215)     .0012 (N01257)     .0025 (N01270)    0.0000     

($G_DGND)    0.0000                   ($G_DPWR)    5.0000                   



 DGTL NODE : STATE  DGTL NODE : STATE  DGTL NODE : STATE  DGTL NODE : STATE


( EI$DtoA) : 0     




    VOLTAGE SOURCE CURRENTS
    NAME         CURRENT

    X$DIGIFPWR.VDPWR  -5.003E-03
    X$DIGIFPWR.VDGND  -8.745E-06

    TOTAL POWER DISSIPATION   2.50E-02  WATTS



          JOB CONCLUDED

**** 02/23/26 14:18:07 ******* PSpice Lite (March 2016) ******* ID# 10813 ****

 ** Profile: "SCHEMATIC1-d"  [ D:\ORCAD\SPICE\ddd-PSpiceFiles\SCHEMATIC1\d.sim ] 


 ****     JOB STATISTICS SUMMARY


******************************************************************************



  Total job time (using Solver 1)   =         .09
