
**** 02/23/26 12:02:39 ******* PSpice Lite (March 2016) ******* ID# 10813 ****

 ** Profile: "SCHEMATIC1-aa"  [ D:\ORCAD\SPICE\ddd-PSpiceFiles\SCHEMATIC1\aa.sim ] 


 ****     CIRCUIT DESCRIPTION


******************************************************************************




** Creating circuit file "aa.cir" 
** WARNING: THIS AUTOMATICALLY GENERATED FILE MAY BE OVERWRITTEN BY SUBSEQUENT SIMULATIONS

*Libraries: 
* Profile Libraries :
* Local Libraries :
* From [PSPICE NETLIST] section of C:\SPB_Data\cdssetup\OrCAD_PSpice\17.2.0\PSpice.ini file:
.lib "nomd.lib" 

*Analysis directives: 
.TRAN  0 5ms 0 
.OPTIONS ADVCONV
.PROBE64 V(alias(*)) I(alias(*)) W(alias(*)) D(alias(*)) NOISE(alias(*)) 
.INC "..\SCHEMATIC1.net" 



**** INCLUDING SCHEMATIC1.net ****
* source DDD
R_R1         SIN 0  1k TC=0,0 
V_V1         SIN 0  
+SIN 0V 1V 1kHz 0 0 0

**** RESUMING aa.cir ****
.END

**** 02/23/26 12:02:39 ******* PSpice Lite (March 2016) ******* ID# 10813 ****

 ** Profile: "SCHEMATIC1-aa"  [ D:\ORCAD\SPICE\ddd-PSpiceFiles\SCHEMATIC1\aa.sim ] 


 ****     INITIAL TRANSIENT SOLUTION       TEMPERATURE =   27.000 DEG C


******************************************************************************



 NODE   VOLTAGE     NODE   VOLTAGE     NODE   VOLTAGE     NODE   VOLTAGE


(  SIN)    0.0000  




    VOLTAGE SOURCE CURRENTS
    NAME         CURRENT

    V_V1         0.000E+00

    TOTAL POWER DISSIPATION   0.00E+00  WATTS



          JOB CONCLUDED

**** 02/23/26 12:02:39 ******* PSpice Lite (March 2016) ******* ID# 10813 ****

 ** Profile: "SCHEMATIC1-aa"  [ D:\ORCAD\SPICE\ddd-PSpiceFiles\SCHEMATIC1\aa.sim ] 


 ****     JOB STATISTICS SUMMARY


******************************************************************************



  Total job time (using Solver 1)   =         .02
